exports[`Button renders correctly 1`] = `
<div
  className="TouchableHighlight"
  onClick={[Function onPress]}
  onPress={[Function onPress]}>
  <div
    className="View"
    style={
      Object {
        "alignItems": "center",
        "backgroundColor": "#0000FF",
        "borderRadius": 5,
        "height": 50,
        "justifyContent": "center",
        "width": 250
      }
    }>
    <div
      className="Text"
      style={
        Object {
          "color": "white",
          "fontWeight": "900",
          "textAlign": "center"
        }
      }>
      PRESS
    </div>
  </div>
</div>
`;
